
> qr-menu-builder@1.0.0 build
> next build

Γû▓ Next.js 16.1.6 (Turbopack)
- Environments: .env.local

node.exe : ΓÜá The "middleware" file convention is deprecated. Please use 
"proxy" instead. Learn more: 
https://nextjs.org/docs/messages/middleware-to-proxy
At line:1 char:1
+ & "C:\Program Files\nodejs/node.exe" "C:\Program Files\nodejs/node_mo ...
+ ~~~~~~~~~~~~~~~~~~~~~~~~~~~~~~~~~~~~~~~~~~~~~~~~~~~~~~~~~~~~~~~~~~~~~
    + CategoryInfo          : NotSpecified: (ΓÜá The "middle...leware-to-proxy 
   :String) [], RemoteException
    + FullyQualifiedErrorId : NativeCommandError
 
  Creating an optimized production build ...
Γ£ô Compiled successfully in 7.9s
  Running TypeScript ...
Failed to compile.

./app/api/admin/business/design/route.ts:68:12
Type error: No overload matches this call.
  Overload 1 of 2, '(values: never, options?: { count?: "exact" | "planned" | 
"estimated" | undefined; } | undefined): PostgrestFilterBuilder<{ 
PostgrestVersion: "12"; }, never, never, null, "design_versions", never, 
"POST">', gave the following error.
    Argument of type '{ business_id: any; name: string; description: string; 
design: any; is_active: boolean; created_by: string; }' is not assignable to 
parameter of type 'never'.
  Overload 2 of 2, '(values: never[], options?: { count?: "exact" | "planned" 
| "estimated" | undefined; defaultToNull?: boolean | undefined; } | 
undefined): PostgrestFilterBuilder<{ PostgrestVersion: "12"; }, never, never, 
null, "design_versions", never, "POST">', gave the following error.
    Object literal may only specify known properties, and 'business_id' does 
not exist in type 'never[]'.

[0m [90m 66 |[39m         [36mconst[39m { data[33m:[39m designVersion } 
[33m=[39m [36mawait[39m supabase
 [90m 67 |[39m           
[33m.[39m[36mfrom[39m([32m'design_versions'[39m)
[31m[1m>[22m[39m[90m 68 |[39m           [33m.[39minsert({
 [90m    |[39m            [31m[1m^[22m[39m
 [90m 69 |[39m             business_id[33m:[39m 
data[33m.[39mid[33m,[39m
 [90m 70 |[39m             name[33m:[39m [32m`Version ${new 
Date().toLocaleTimeString('ar-SA')}`[39m[33m,[39m
 [90m 71 |[39m             description[33m:[39m [32m'Auto-saved from 
design editor'[39m[33m,[39m[0m
Next.js build worker exited with code: 1 and signal: null
